[2026-09-20 16:59:27,586] pfc-pruebas-e1/INFO/locust.main: Run time limit set to 60 seconds
[2026-09-20 16:59:27,586] pfc-pruebas-e1/INFO/locust.main: Starting Locust 2.31.6
Type     Name                                                                          # reqs      # fails |    Avg     Min     Max    Med |   req/s  failures/s
--------|----------------------------------------------------------------------------|-------|-------------|-------|-------|-------|-------|--------|-----------
--------|----------------------------------------------------------------------------|-------|-------------|-------|-------|-------|-------|--------|-----------
         Aggregated                                                                         0     0(0.00%) |      0       0       0      0 |    0.00        0.00

[2026-09-20 16:59:27,587] pfc-pruebas-e1/INFO/locust.runners: Ramping to 50 users at a rate of 10.00 per second
Type     Name                                                                          # reqs      # fails |    Avg     Min     Max    Med |   req/s  failures/s
--------|----------------------------------------------------------------------------|-------|-------------|-------|-------|-------|-------|--------|-----------
GET      GET /api/v1/reservas                                                              10     0(0.00%) |     14       9      28     13 |    0.00        0.00
POST     POST /api/v1/auth/login                                                           10     0(0.00%) |   1053     810    1522    990 |    0.00        0.00
--------|----------------------------------------------------------------------------|-------|-------------|-------|-------|-------|-------|--------|-----------
         Aggregated                                                                        20     0(0.00%) |    533       9    1522     28 |    0.00        0.00

Type     Name                                                                          # reqs      # fails |    Avg     Min     Max    Med |   req/s  failures/s
--------|----------------------------------------------------------------------------|-------|-------------|-------|-------|-------|-------|--------|-----------
GET      GET /api/v1/reservas                                                              31     0(0.00%) |     20       5     114     12 |    4.50        0.00
GET      GET /api/v1/reservas/{id}                                                          4     0(0.00%) |      7       5      10      6 |    0.00        0.00
POST     POST /api/v1/auth/login                                                           23     0(0.00%) |   1347     810    1966   1200 |    4.50        0.00
--------|----------------------------------------------------------------------------|-------|-------------|-------|-------|-------|-------|--------|-----------
         Aggregated                                                                        58     0(0.00%) |    546       5    1966     15 |    9.00        0.00

[2026-09-20 16:59:31,592] pfc-pruebas-e1/INFO/locust.runners: All users spawned: {"ReservasUser": 50} (50 total users)
Type     Name                                                                          # reqs      # fails |    Avg     Min     Max    Med |   req/s  failures/s
--------|----------------------------------------------------------------------------|-------|-------------|-------|-------|-------|-------|--------|-----------
GET      GET /api/v1/reservas                                                              85     0(0.00%) |     17       4     114     10 |    6.25        0.00
GET      GET /api/v1/reservas/{id}                                                          8     0(0.00%) |      7       5      10      6 |    0.75        0.00
POST     POST /api/v1/auth/login                                                           50     0(0.00%) |   1645     810    2438   1700 |    5.00        0.00
--------|----------------------------------------------------------------------------|-------|-------------|-------|-------|-------|-------|--------|-----------
         Aggregated                                                                       143     0(0.00%) |    585       4    2438     14 |   12.00        0.00

Type     Name                                                                          # reqs      # fails |    Avg     Min     Max    Med |   req/s  failures/s
--------|----------------------------------------------------------------------------|-------|-------------|-------|-------|-------|-------|--------|-----------
GET      GET /api/v1/reservas                                                             117     0(0.00%) |     14       4     114      9 |   10.83        0.00
GET      GET /api/v1/reservas/{id}                                                         21     0(0.00%) |      5       3      10      5 |    1.00        0.00
POST     POST /api/v1/auth/login                                                           50     0(0.00%) |   1645     810    2438   1700 |    6.50        0.00
--------|----------------------------------------------------------------------------|-------|-------------|-------|-------|-------|-------|--------|-----------
         Aggregated                                                                       188     0(0.00%) |    447       3    2438     10 |   18.33        0.00

Type     Name                                                                          # reqs      # fails |    Avg     Min     Max    Med |   req/s  failures/s
--------|----------------------------------------------------------------------------|-------|-------------|-------|-------|-------|-------|--------|-----------
GET      GET /api/v1/reservas                                                             145     0(0.00%) |     12       4     114      7 |   12.88        0.00
GET      GET /api/v1/reservas/{id}                                                         39     0(0.00%) |      5       3      10      4 |    2.00        0.00
POST     POST /api/v1/auth/login                                                           50     0(0.00%) |   1645     810    2438   1700 |    6.25        0.00
--------|----------------------------------------------------------------------------|-------|-------------|-------|-------|-------|-------|--------|-----------
         Aggregated                                                                       234     0(0.00%) |    360       3    2438      8 |   21.12        0.00

Type     Name                                                                          # reqs      # fails |    Avg     Min     Max    Med |   req/s  failures/s
--------|----------------------------------------------------------------------------|-------|-------------|-------|-------|-------|-------|--------|-----------
GET      GET /api/v1/reservas                                                             181     0(0.00%) |     11       4     114      7 |   14.00        0.00
GET      GET /api/v1/reservas/{id}                                                         51     0(0.00%) |      4       3      10      5 |    3.30        0.00
POST     POST /api/v1/auth/login                                                           50     0(0.00%) |   1645     810    2438   1700 |    5.00        0.00
--------|----------------------------------------------------------------------------|-------|-------------|-------|-------|-------|-------|--------|-----------
         Aggregated                                                                       282     0(0.00%) |    299       3    2438      7 |   22.30        0.00

Type     Name                                                                          # reqs      # fails |    Avg     Min     Max    Med |   req/s  failures/s
--------|----------------------------------------------------------------------------|-------|-------------|-------|-------|-------|-------|--------|-----------
GET      GET /api/v1/reservas                                                             219     0(0.00%) |     10       4     114      7 |   16.50        0.00
GET      GET /api/v1/reservas/{id}                                                         62     0(0.00%) |      4       3      10      5 |    4.60        0.00
POST     POST /api/v1/auth/login                                                           50     0(0.00%) |   1645     810    2438   1700 |    4.10        0.00
--------|----------------------------------------------------------------------------|-------|-------------|-------|-------|-------|-------|--------|-----------
         Aggregated                                                                       331     0(0.00%) |    256       3    2438      7 |   25.20        0.00

Type     Name                                                                          # reqs      # fails |    Avg     Min     Max    Med |   req/s  failures/s
--------|----------------------------------------------------------------------------|-------|-------------|-------|-------|-------|-------|--------|-----------
GET      GET /api/v1/reservas                                                             257     0(0.00%) |      9       3     114      6 |   18.30        0.00
GET      GET /api/v1/reservas/{id}                                                         75     0(0.00%) |      4       3      10      4 |    5.60        0.00
POST     POST /api/v1/auth/login                                                           50     0(0.00%) |   1645     810    2438   1700 |    3.00        0.00
--------|----------------------------------------------------------------------------|-------|-------------|-------|-------|-------|-------|--------|-----------
         Aggregated                                                                       382     0(0.00%) |    222       3    2438      6 |   26.90        0.00

Type     Name                                                                          # reqs      # fails |    Avg     Min     Max    Med |   req/s  failures/s
--------|----------------------------------------------------------------------------|-------|-------------|-------|-------|-------|-------|--------|-----------
GET      GET /api/v1/reservas                                                             297     0(0.00%) |      9       3     114      6 |   18.10        0.00
GET      GET /api/v1/reservas/{id}                                                         87     0(0.00%) |      4       3      10      4 |    6.70        0.00
POST     POST /api/v1/auth/login                                                           50     0(0.00%) |   1645     810    2438   1700 |    1.10        0.00
--------|----------------------------------------------------------------------------|-------|-------------|-------|-------|-------|-------|--------|-----------
         Aggregated                                                                       434     0(0.00%) |    196       3    2438      6 |   25.90        0.00

Type     Name                                                                          # reqs      # fails |    Avg     Min     Max    Med |   req/s  failures/s
--------|----------------------------------------------------------------------------|-------|-------------|-------|-------|-------|-------|--------|-----------
GET      GET /api/v1/reservas                                                             325     0(0.00%) |      8       3     114      6 |   17.90        0.00
GET      GET /api/v1/reservas/{id}                                                        105     0(0.00%) |      4       3      10      4 |    7.00        0.00
POST     POST /api/v1/auth/login                                                           50     0(0.00%) |   1645     810    2438   1700 |    0.00        0.00
--------|----------------------------------------------------------------------------|-------|-------------|-------|-------|-------|-------|--------|-----------
         Aggregated                                                                       480     0(0.00%) |    178       3    2438      6 |   24.90        0.00

Type     Name                                                                          # reqs      # fails |    Avg     Min     Max    Med |   req/s  failures/s
--------|----------------------------------------------------------------------------|-------|-------------|-------|-------|-------|-------|--------|-----------
GET      GET /api/v1/reservas                                                             361     0(0.00%) |      8       3     114      6 |   17.50        0.00
GET      GET /api/v1/reservas/{id}                                                        119     0(0.00%) |      4       2      10      4 |    6.80        0.00
POST     POST /api/v1/auth/login                                                           50     0(0.00%) |   1645     810    2438   1700 |    0.00        0.00
--------|----------------------------------------------------------------------------|-------|-------------|-------|-------|-------|-------|--------|-----------
         Aggregated                                                                       530     0(0.00%) |    162       2    2438      6 |   24.30        0.00

Type     Name                                                                          # reqs      # fails |    Avg     Min     Max    Med |   req/s  failures/s
--------|----------------------------------------------------------------------------|-------|-------------|-------|-------|-------|-------|--------|-----------
GET      GET /api/v1/reservas                                                             398     0(0.00%) |      8       3     114      6 |   17.50        0.00
GET      GET /api/v1/reservas/{id}                                                        130     0(0.00%) |      4       2      10      4 |    6.90        0.00
POST     POST /api/v1/auth/login                                                           50     0(0.00%) |   1645     810    2438   1700 |    0.00        0.00
--------|----------------------------------------------------------------------------|-------|-------------|-------|-------|-------|-------|--------|-----------
         Aggregated                                                                       578     0(0.00%) |    149       2    2438      6 |   24.40        0.00

Type     Name                                                                          # reqs      # fails |    Avg     Min     Max    Med |   req/s  failures/s
--------|----------------------------------------------------------------------------|-------|-------------|-------|-------|-------|-------|--------|-----------
GET      GET /api/v1/reservas                                                             439     0(0.00%) |      8       3     114      6 |   18.10        0.00
GET      GET /api/v1/reservas/{id}                                                        139     0(0.00%) |      4       2      10      4 |    6.70        0.00
POST     POST /api/v1/auth/login                                                           50     0(0.00%) |   1645     810    2438   1700 |    0.00        0.00
--------|----------------------------------------------------------------------------|-------|-------------|-------|-------|-------|-------|--------|-----------
         Aggregated                                                                       628     0(0.00%) |    137       2    2438      6 |   24.80        0.00

Type     Name                                                                          # reqs      # fails |    Avg     Min     Max    Med |   req/s  failures/s
--------|----------------------------------------------------------------------------|-------|-------------|-------|-------|-------|-------|--------|-----------
GET      GET /api/v1/reservas                                                             481     0(0.00%) |      7       3     114      6 |   18.00        0.00
GET      GET /api/v1/reservas/{id}                                                        149     0(0.00%) |      4       2      10      4 |    6.40        0.00
POST     POST /api/v1/auth/login                                                           50     0(0.00%) |   1645     810    2438   1700 |    0.00        0.00
--------|----------------------------------------------------------------------------|-------|-------------|-------|-------|-------|-------|--------|-----------
         Aggregated                                                                       680     0(0.00%) |    127       2    2438      6 |   24.40        0.00

Type     Name                                                                          # reqs      # fails |    Avg     Min     Max    Med |   req/s  failures/s
--------|----------------------------------------------------------------------------|-------|-------------|-------|-------|-------|-------|--------|-----------
GET      GET /api/v1/reservas                                                             514     0(0.00%) |      7       3     114      6 |   18.50        0.00
GET      GET /api/v1/reservas/{id}                                                        169     0(0.00%) |      4       2      10      4 |    6.10        0.00
POST     POST /api/v1/auth/login                                                           50     0(0.00%) |   1645     810    2438   1700 |    0.00        0.00
--------|----------------------------------------------------------------------------|-------|-------------|-------|-------|-------|-------|--------|-----------
         Aggregated                                                                       733     0(0.00%) |    118       2    2438      6 |   24.60        0.00

Type     Name                                                                          # reqs      # fails |    Avg     Min     Max    Med |   req/s  failures/s
--------|----------------------------------------------------------------------------|-------|-------------|-------|-------|-------|-------|--------|-----------
GET      GET /api/v1/reservas                                                             549     0(0.00%) |      7       3     114      6 |   18.90        0.00
GET      GET /api/v1/reservas/{id}                                                        185     0(0.00%) |      4       2      10      4 |    6.10        0.00
POST     POST /api/v1/auth/login                                                           50     0(0.00%) |   1645     810    2438   1700 |    0.00        0.00
--------|----------------------------------------------------------------------------|-------|-------------|-------|-------|-------|-------|--------|-----------
         Aggregated                                                                       784     0(0.00%) |    111       2    2438      6 |   25.00        0.00

Type     Name                                                                          # reqs      # fails |    Avg     Min     Max    Med |   req/s  failures/s
--------|----------------------------------------------------------------------------|-------|-------------|-------|-------|-------|-------|--------|-----------
GET      GET /api/v1/reservas                                                             592     0(0.00%) |      7       3     114      6 |   18.60        0.00
GET      GET /api/v1/reservas/{id}                                                        195     0(0.00%) |      4       2      10      4 |    6.60        0.00
POST     POST /api/v1/auth/login                                                           50     0(0.00%) |   1645     810    2438   1700 |    0.00        0.00
--------|----------------------------------------------------------------------------|-------|-------------|-------|-------|-------|-------|--------|-----------
         Aggregated                                                                       837     0(0.00%) |    104       2    2438      6 |   25.20        0.00

Type     Name                                                                          # reqs      # fails |    Avg     Min     Max    Med |   req/s  failures/s
--------|----------------------------------------------------------------------------|-------|-------------|-------|-------|-------|-------|--------|-----------
GET      GET /api/v1/reservas                                                             629     0(0.00%) |      7       3     114      6 |   18.90        0.00
GET      GET /api/v1/reservas/{id}                                                        204     0(0.00%) |      4       2      10      4 |    6.70        0.00
POST     POST /api/v1/auth/login                                                           50     0(0.00%) |   1645     810    2438   1700 |    0.00        0.00
--------|----------------------------------------------------------------------------|-------|-------------|-------|-------|-------|-------|--------|-----------
         Aggregated                                                                       883     0(0.00%) |     99       2    2438      6 |   25.60        0.00

Type     Name                                                                          # reqs      # fails |    Avg     Min     Max    Med |   req/s  failures/s
--------|----------------------------------------------------------------------------|-------|-------------|-------|-------|-------|-------|--------|-----------
GET      GET /api/v1/reservas                                                             674     0(0.00%) |      7       3     114      6 |   19.20        0.00
GET      GET /api/v1/reservas/{id}                                                        214     0(0.00%) |      4       2      10      4 |    6.60        0.00
POST     POST /api/v1/auth/login                                                           50     0(0.00%) |   1645     810    2438   1700 |    0.00        0.00
--------|----------------------------------------------------------------------------|-------|-------------|-------|-------|-------|-------|--------|-----------
         Aggregated                                                                       938     0(0.00%) |     94       2    2438      6 |   25.80        0.00

Type     Name                                                                          # reqs      # fails |    Avg     Min     Max    Med |   req/s  failures/s
--------|----------------------------------------------------------------------------|-------|-------------|-------|-------|-------|-------|--------|-----------
GET      GET /api/v1/reservas                                                             709     0(0.00%) |      7       3     114      6 |   19.40        0.00
GET      GET /api/v1/reservas/{id}                                                        227     0(0.00%) |      5       2     121      4 |    6.30        0.00
POST     POST /api/v1/auth/login                                                           50     0(0.00%) |   1645     810    2438   1700 |    0.00        0.00
--------|----------------------------------------------------------------------------|-------|-------------|-------|-------|-------|-------|--------|-----------
         Aggregated                                                                       986     0(0.00%) |     90       2    2438      6 |   25.70        0.00

Type     Name                                                                          # reqs      # fails |    Avg     Min     Max    Med |   req/s  failures/s
--------|----------------------------------------------------------------------------|-------|-------------|-------|-------|-------|-------|--------|-----------
GET      GET /api/v1/reservas                                                             748     0(0.00%) |      7       3     114      6 |   19.70        0.00
GET      GET /api/v1/reservas/{id}                                                        240     0(0.00%) |      6       2     121      4 |    6.00        0.00
POST     POST /api/v1/auth/login                                                           50     0(0.00%) |   1645     810    2438   1700 |    0.00        0.00
--------|----------------------------------------------------------------------------|-------|-------------|-------|-------|-------|-------|--------|-----------
         Aggregated                                                                      1038     0(0.00%) |     86       2    2438      6 |   25.70        0.00

Type     Name                                                                          # reqs      # fails |    Avg     Min     Max    Med |   req/s  failures/s
--------|----------------------------------------------------------------------------|-------|-------------|-------|-------|-------|-------|--------|-----------
GET      GET /api/v1/reservas                                                             781     0(0.00%) |      7       3     114      6 |   20.20        0.00
GET      GET /api/v1/reservas/{id}                                                        252     0(0.00%) |      6       2     121      4 |    5.50        0.00
POST     POST /api/v1/auth/login                                                           50     0(0.00%) |   1645     810    2438   1700 |    0.00        0.00
--------|----------------------------------------------------------------------------|-------|-------------|-------|-------|-------|-------|--------|-----------
         Aggregated                                                                      1083     0(0.00%) |     82       2    2438      6 |   25.70        0.00

Type     Name                                                                          # reqs      # fails |    Avg     Min     Max    Med |   req/s  failures/s
--------|----------------------------------------------------------------------------|-------|-------------|-------|-------|-------|-------|--------|-----------
GET      GET /api/v1/reservas                                                             819     0(0.00%) |      7       3     114      6 |   19.10        0.00
GET      GET /api/v1/reservas/{id}                                                        261     0(0.00%) |      6       2     121      5 |    5.70        0.00
POST     POST /api/v1/auth/login                                                           50     0(0.00%) |   1645     810    2438   1700 |    0.00        0.00
--------|----------------------------------------------------------------------------|-------|-------------|-------|-------|-------|-------|--------|-----------
         Aggregated                                                                      1130     0(0.00%) |     79       2    2438      6 |   24.80        0.00

Type     Name                                                                          # reqs      # fails |    Avg     Min     Max    Med |   req/s  failures/s
--------|----------------------------------------------------------------------------|-------|-------------|-------|-------|-------|-------|--------|-----------
GET      GET /api/v1/reservas                                                             819     0(0.00%) |      7       3     114      6 |   19.10        0.00
GET      GET /api/v1/reservas/{id}                                                        261     0(0.00%) |      6       2     121      5 |    5.70        0.00
POST     POST /api/v1/auth/login                                                           50     0(0.00%) |   1645     810    2438   1700 |    0.00        0.00
--------|----------------------------------------------------------------------------|-------|-------------|-------|-------|-------|-------|--------|-----------
         Aggregated                                                                      1130     0(0.00%) |     79       2    2438      6 |   24.80        0.00

Type     Name                                                                          # reqs      # fails |    Avg     Min     Max    Med |   req/s  failures/s
--------|----------------------------------------------------------------------------|-------|-------------|-------|-------|-------|-------|--------|-----------
GET      GET /api/v1/reservas                                                             834     0(0.00%) |     41       3    2142      6 |   15.80        0.00
GET      GET /api/v1/reservas/{id}                                                        265     0(0.00%) |     41       2    2809      5 |    5.10        0.00
POST     POST /api/v1/auth/login                                                           50     0(0.00%) |   1645     810    2438   1700 |    0.00        0.00
--------|----------------------------------------------------------------------------|-------|-------------|-------|-------|-------|-------|--------|-----------
         Aggregated                                                                      1149     0(0.00%) |    110       2    2809      6 |   20.90        0.00

Type     Name                                                                          # reqs      # fails |    Avg     Min     Max    Med |   req/s  failures/s
--------|----------------------------------------------------------------------------|-------|-------------|-------|-------|-------|-------|--------|-----------
GET      GET /api/v1/reservas                                                             879     0(0.00%) |    100       3    2569      6 |   12.00        0.00
GET      GET /api/v1/reservas/{id}                                                        281     0(0.00%) |     93       2    2809      5 |    4.10        0.00
POST     POST /api/v1/auth/login                                                           50     0(0.00%) |   1645     810    2438   1700 |    0.00        0.00
--------|----------------------------------------------------------------------------|-------|-------------|-------|-------|-------|-------|--------|-----------
         Aggregated                                                                      1210     0(0.00%) |    162       2    2809      6 |   16.10        0.00

Type     Name                                                                          # reqs      # fails |    Avg     Min     Max    Med |   req/s  failures/s
--------|----------------------------------------------------------------------------|-------|-------------|-------|-------|-------|-------|--------|-----------
GET      GET /api/v1/reservas                                                             920     0(0.00%) |     96       3    2569      6 |   12.80        0.00
GET      GET /api/v1/reservas/{id}                                                        291     0(0.00%) |     90       2    2809      5 |    4.10        0.00
POST     POST /api/v1/auth/login                                                           50     0(0.00%) |   1645     810    2438   1700 |    0.00        0.00
--------|----------------------------------------------------------------------------|-------|-------------|-------|-------|-------|-------|--------|-----------
         Aggregated                                                                      1261     0(0.00%) |    156       2    2809      6 |   16.90        0.00

Type     Name                                                                          # reqs      # fails |    Avg     Min     Max    Med |   req/s  failures/s
--------|----------------------------------------------------------------------------|-------|-------------|-------|-------|-------|-------|--------|-----------
GET      GET /api/v1/reservas                                                             953     0(0.00%) |     93       3    2569      6 |   13.50        0.00
GET      GET /api/v1/reservas/{id}                                                        302     0(0.00%) |     87       2    2809      5 |    3.70        0.00
POST     POST /api/v1/auth/login                                                           50     0(0.00%) |   1645     810    2438   1700 |    0.00        0.00
--------|----------------------------------------------------------------------------|-------|-------------|-------|-------|-------|-------|--------|-----------
         Aggregated                                                                      1305     0(0.00%) |    151       2    2809      6 |   17.20        0.00

Type     Name                                                                          # reqs      # fails |    Avg     Min     Max    Med |   req/s  failures/s
--------|----------------------------------------------------------------------------|-------|-------------|-------|-------|-------|-------|--------|-----------
GET      GET /api/v1/reservas                                                             991     0(0.00%) |     89       3    2569      6 |   12.90        0.00
GET      GET /api/v1/reservas/{id}                                                        313     0(0.00%) |     84       2    2809      5 |    4.10        0.00
POST     POST /api/v1/auth/login                                                           50     0(0.00%) |   1645     810    2438   1700 |    0.00        0.00
--------|----------------------------------------------------------------------------|-------|-------------|-------|-------|-------|-------|--------|-----------
         Aggregated                                                                      1354     0(0.00%) |    146       2    2809      6 |   17.00        0.00

[2026-09-20 17:00:27,426] pfc-pruebas-e1/INFO/locust.main: --run-time limit reached, shutting down
[2026-09-20 17:00:27,527] pfc-pruebas-e1/INFO/locust.main: writing html report to file: /home/ubuntu/PFC_ISSUE32/experimentos/resultados/raw/eficiencia_nominal_50u_5m_poblada_smoke/run-01/locust-report.html
[2026-09-20 17:00:27,529] pfc-pruebas-e1/INFO/locust.main: Shutting down (exit code 0)
Type     Name                                                                          # reqs      # fails |    Avg     Min     Max    Med |   req/s  failures/s
--------|----------------------------------------------------------------------------|-------|-------------|-------|-------|-------|-------|--------|-----------
GET      GET /api/v1/reservas                                                            1021     0(0.00%) |     87       3    2569      6 |   17.09        0.00
GET      GET /api/v1/reservas/{id}                                                        325     0(0.00%) |     81       2    2809      5 |    5.44        0.00
POST     POST /api/v1/auth/login                                                           50     0(0.00%) |   1645     810    2438   1700 |    0.84        0.00
--------|----------------------------------------------------------------------------|-------|-------------|-------|-------|-------|-------|--------|-----------
         Aggregated                                                                      1396     0(0.00%) |    141       2    2809      6 |   23.36        0.00

Response time percentiles (approximated)
Type     Name                                                                                  50%    66%    75%    80%    90%    95%    98%    99%  99.9% 99.99%   100% # reqs
--------|--------------------------------------------------------------------------------|--------|------|------|------|------|------|------|------|------|------|------|------
GET      GET /api/v1/reservas                                                                    6      7      7      8     12     31   2100   2300   2500   2600   2600   1021
GET      GET /api/v1/reservas/{id}                                                               5      5      6      6      8     17   2100   2400   2800   2800   2800    325
POST     POST /api/v1/auth/login                                                              1800   1900   2000   2100   2200   2300   2400   2400   2400   2400   2400     50
--------|--------------------------------------------------------------------------------|--------|------|------|------|------|------|------|------|------|------|------|------
         Aggregated                                                                              6      7      7      8     16   1800   2200   2300   2700   2800   2800   1396

