[2026-09-20 17:23:38,016] pfc-pruebas-e1/INFO/locust.main: Run time limit set to 60 seconds
[2026-09-20 17:23:38,016] pfc-pruebas-e1/INFO/locust.main: Starting Locust 2.31.6
Type     Name                                                                          # reqs      # fails |    Avg     Min     Max    Med |   req/s  failures/s
--------|----------------------------------------------------------------------------|-------|-------------|-------|-------|-------|-------|--------|-----------
--------|----------------------------------------------------------------------------|-------|-------------|-------|-------|-------|-------|--------|-----------
         Aggregated                                                                         0     0(0.00%) |      0       0       0      0 |    0.00        0.00

[2026-09-20 17:23:38,017] pfc-pruebas-e1/INFO/locust.runners: Ramping to 50 users at a rate of 10.00 per second
Type     Name                                                                          # reqs      # fails |    Avg     Min     Max    Med |   req/s  failures/s
--------|----------------------------------------------------------------------------|-------|-------------|-------|-------|-------|-------|--------|-----------
GET      GET /api/v1/reservas                                                              11     0(0.00%) |     14       7      28     10 |    0.00        0.00
POST     POST /api/v1/auth/login                                                           11     0(0.00%) |    934     481    1170    950 |    0.00        0.00
--------|----------------------------------------------------------------------------|-------|-------------|-------|-------|-------|-------|--------|-----------
         Aggregated                                                                        22     0(0.00%) |    474       7    1170     29 |    0.00        0.00

Type     Name                                                                          # reqs      # fails |    Avg     Min     Max    Med |   req/s  failures/s
--------|----------------------------------------------------------------------------|-------|-------------|-------|-------|-------|-------|--------|-----------
GET      GET /api/v1/reservas                                                              46     0(0.00%) |     10       5      28      8 |    5.50        0.00
GET      GET /api/v1/reservas/{id}                                                          3     0(0.00%) |      6       4       8      8 |    0.00        0.00
POST     POST /api/v1/auth/login                                                           33     0(0.00%) |   1083     481    1439   1100 |    5.50        0.00
--------|----------------------------------------------------------------------------|-------|-------------|-------|-------|-------|-------|--------|-----------
         Aggregated                                                                        82     0(0.00%) |    442       4    1439     12 |   11.00        0.00

[2026-09-20 17:23:42,026] pfc-pruebas-e1/INFO/locust.runners: All users spawned: {"ReservasUser": 50} (50 total users)
Type     Name                                                                          # reqs      # fails |    Avg     Min     Max    Med |   req/s  failures/s
--------|----------------------------------------------------------------------------|-------|-------------|-------|-------|-------|-------|--------|-----------
GET      GET /api/v1/reservas                                                              90     0(0.00%) |     13       5      47     10 |    8.33        0.00
GET      GET /api/v1/reservas/{id}                                                         10     0(0.00%) |     11       4      48      7 |    0.33        0.00
POST     POST /api/v1/auth/login                                                           50     0(0.00%) |   1251     481    2356   1200 |    7.00        0.00
--------|----------------------------------------------------------------------------|-------|-------------|-------|-------|-------|-------|--------|-----------
         Aggregated                                                                       150     0(0.00%) |    425       4    2356     14 |   15.67        0.00

Type     Name                                                                          # reqs      # fails |    Avg     Min     Max    Med |   req/s  failures/s
--------|----------------------------------------------------------------------------|-------|-------------|-------|-------|-------|-------|--------|-----------
GET      GET /api/v1/reservas                                                             126     0(0.00%) |     11       4      47      8 |   12.60        0.00
GET      GET /api/v1/reservas/{id}                                                         20     0(0.00%) |      7       3      48      5 |    1.20        0.00
POST     POST /api/v1/auth/login                                                           50     0(0.00%) |   1251     481    2356   1200 |    7.80        0.00
--------|----------------------------------------------------------------------------|-------|-------------|-------|-------|-------|-------|--------|-----------
         Aggregated                                                                       196     0(0.00%) |    327       3    2356     10 |   21.60        0.00

Type     Name                                                                          # reqs      # fails |    Avg     Min     Max    Med |   req/s  failures/s
--------|----------------------------------------------------------------------------|-------|-------------|-------|-------|-------|-------|--------|-----------
GET      GET /api/v1/reservas                                                             167     0(0.00%) |     10       4      47      7 |   15.75        0.00
GET      GET /api/v1/reservas/{id}                                                         33     0(0.00%) |      6       3      48      5 |    2.50        0.00
POST     POST /api/v1/auth/login                                                           50     0(0.00%) |   1251     481    2356   1200 |    6.25        0.00
--------|----------------------------------------------------------------------------|-------|-------------|-------|-------|-------|-------|--------|-----------
         Aggregated                                                                       250     0(0.00%) |    257       3    2356      8 |   24.50        0.00

Type     Name                                                                          # reqs      # fails |    Avg     Min     Max    Med |   req/s  failures/s
--------|----------------------------------------------------------------------------|-------|-------------|-------|-------|-------|-------|--------|-----------
GET      GET /api/v1/reservas                                                             203     0(0.00%) |      9       4      47      7 |   16.50        0.00
GET      GET /api/v1/reservas/{id}                                                         49     0(0.00%) |      5       3      48      5 |    3.30        0.00
POST     POST /api/v1/auth/login                                                           50     0(0.00%) |   1251     481    2356   1200 |    5.00        0.00
--------|----------------------------------------------------------------------------|-------|-------------|-------|-------|-------|-------|--------|-----------
         Aggregated                                                                       302     0(0.00%) |    214       3    2356      7 |   24.80        0.00

Type     Name                                                                          # reqs      # fails |    Avg     Min     Max    Med |   req/s  failures/s
--------|----------------------------------------------------------------------------|-------|-------------|-------|-------|-------|-------|--------|-----------
GET      GET /api/v1/reservas                                                             237     0(0.00%) |      8       3      47      7 |   17.80        0.00
GET      GET /api/v1/reservas/{id}                                                         63     0(0.00%) |      5       3      48      4 |    4.00        0.00
POST     POST /api/v1/auth/login                                                           50     0(0.00%) |   1251     481    2356   1200 |    4.40        0.00
--------|----------------------------------------------------------------------------|-------|-------------|-------|-------|-------|-------|--------|-----------
         Aggregated                                                                       350     0(0.00%) |    185       3    2356      7 |   26.20        0.00

Type     Name                                                                          # reqs      # fails |    Avg     Min     Max    Med |   req/s  failures/s
--------|----------------------------------------------------------------------------|-------|-------------|-------|-------|-------|-------|--------|-----------
GET      GET /api/v1/reservas                                                             275     0(0.00%) |      8       3      47      7 |   19.30        0.00
GET      GET /api/v1/reservas/{id}                                                         77     0(0.00%) |      5       3      48      4 |    6.00        0.00
POST     POST /api/v1/auth/login                                                           50     0(0.00%) |   1251     481    2356   1200 |    1.70        0.00
--------|----------------------------------------------------------------------------|-------|-------------|-------|-------|-------|-------|--------|-----------
         Aggregated                                                                       402     0(0.00%) |    162       3    2356      6 |   27.00        0.00

Type     Name                                                                          # reqs      # fails |    Avg     Min     Max    Med |   req/s  failures/s
--------|----------------------------------------------------------------------------|-------|-------------|-------|-------|-------|-------|--------|-----------
GET      GET /api/v1/reservas                                                             309     0(0.00%) |      8       3      47      6 |   19.30        0.00
GET      GET /api/v1/reservas/{id}                                                         90     0(0.00%) |      5       3      48      4 |    6.40        0.00
POST     POST /api/v1/auth/login                                                           50     0(0.00%) |   1251     481    2356   1200 |    1.10        0.00
--------|----------------------------------------------------------------------------|-------|-------------|-------|-------|-------|-------|--------|-----------
         Aggregated                                                                       449     0(0.00%) |    146       3    2356      6 |   26.80        0.00

Type     Name                                                                          # reqs      # fails |    Avg     Min     Max    Med |   req/s  failures/s
--------|----------------------------------------------------------------------------|-------|-------------|-------|-------|-------|-------|--------|-----------
GET      GET /api/v1/reservas                                                             349     0(0.00%) |      8       3      47      6 |   18.20        0.00
GET      GET /api/v1/reservas/{id}                                                         97     0(0.00%) |      5       3      48      4 |    6.80        0.00
POST     POST /api/v1/auth/login                                                           50     0(0.00%) |   1251     481    2356   1200 |    0.00        0.00
--------|----------------------------------------------------------------------------|-------|-------------|-------|-------|-------|-------|--------|-----------
         Aggregated                                                                       496     0(0.00%) |    132       3    2356      6 |   25.00        0.00

Type     Name                                                                          # reqs      # fails |    Avg     Min     Max    Med |   req/s  failures/s
--------|----------------------------------------------------------------------------|-------|-------------|-------|-------|-------|-------|--------|-----------
GET      GET /api/v1/reservas                                                             389     0(0.00%) |      7       3      47      6 |   18.40        0.00
GET      GET /api/v1/reservas/{id}                                                        114     0(0.00%) |      5       2      48      4 |    6.40        0.00
POST     POST /api/v1/auth/login                                                           50     0(0.00%) |   1251     481    2356   1200 |    0.00        0.00
--------|----------------------------------------------------------------------------|-------|-------------|-------|-------|-------|-------|--------|-----------
         Aggregated                                                                       553     0(0.00%) |    119       2    2356      6 |   24.80        0.00

Type     Name                                                                          # reqs      # fails |    Avg     Min     Max    Med |   req/s  failures/s
--------|----------------------------------------------------------------------------|-------|-------------|-------|-------|-------|-------|--------|-----------
GET      GET /api/v1/reservas                                                             426     0(0.00%) |      7       3      47      6 |   18.50        0.00
GET      GET /api/v1/reservas/{id}                                                        121     0(0.00%) |      4       2      48      4 |    6.60        0.00
POST     POST /api/v1/auth/login                                                           50     0(0.00%) |   1251     481    2356   1200 |    0.00        0.00
--------|----------------------------------------------------------------------------|-------|-------------|-------|-------|-------|-------|--------|-----------
         Aggregated                                                                       597     0(0.00%) |    111       2    2356      6 |   25.10        0.00

Type     Name                                                                          # reqs      # fails |    Avg     Min     Max    Med |   req/s  failures/s
--------|----------------------------------------------------------------------------|-------|-------------|-------|-------|-------|-------|--------|-----------
GET      GET /api/v1/reservas                                                             457     0(0.00%) |      7       3      47      6 |   18.70        0.00
GET      GET /api/v1/reservas/{id}                                                        137     0(0.00%) |      4       2      48      5 |    5.80        0.00
POST     POST /api/v1/auth/login                                                           50     0(0.00%) |   1251     481    2356   1200 |    0.00        0.00
--------|----------------------------------------------------------------------------|-------|-------------|-------|-------|-------|-------|--------|-----------
         Aggregated                                                                       644     0(0.00%) |    103       2    2356      6 |   24.50        0.00

Type     Name                                                                          # reqs      # fails |    Avg     Min     Max    Med |   req/s  failures/s
--------|----------------------------------------------------------------------------|-------|-------------|-------|-------|-------|-------|--------|-----------
GET      GET /api/v1/reservas                                                             490     0(0.00%) |      7       3      47      6 |   18.80        0.00
GET      GET /api/v1/reservas/{id}                                                        157     0(0.00%) |      4       2      48      5 |    5.80        0.00
POST     POST /api/v1/auth/login                                                           50     0(0.00%) |   1251     481    2356   1200 |    0.00        0.00
--------|----------------------------------------------------------------------------|-------|-------------|-------|-------|-------|-------|--------|-----------
         Aggregated                                                                       697     0(0.00%) |     96       2    2356      6 |   24.60        0.00

Type     Name                                                                          # reqs      # fails |    Avg     Min     Max    Med |   req/s  failures/s
--------|----------------------------------------------------------------------------|-------|-------------|-------|-------|-------|-------|--------|-----------
GET      GET /api/v1/reservas                                                             527     0(0.00%) |      7       3      47      6 |   18.10        0.00
GET      GET /api/v1/reservas/{id}                                                        170     0(0.00%) |      5       2      48      5 |    6.70        0.00
POST     POST /api/v1/auth/login                                                           50     0(0.00%) |   1251     481    2356   1200 |    0.00        0.00
--------|----------------------------------------------------------------------------|-------|-------------|-------|-------|-------|-------|--------|-----------
         Aggregated                                                                       747     0(0.00%) |     90       2    2356      6 |   24.80        0.00

Type     Name                                                                          # reqs      # fails |    Avg     Min     Max    Med |   req/s  failures/s
--------|----------------------------------------------------------------------------|-------|-------------|-------|-------|-------|-------|--------|-----------
GET      GET /api/v1/reservas                                                             569     0(0.00%) |      7       3      47      6 |   17.70        0.00
GET      GET /api/v1/reservas/{id}                                                        180     0(0.00%) |      5       2      48      5 |    7.30        0.00
POST     POST /api/v1/auth/login                                                           50     0(0.00%) |   1251     481    2356   1200 |    0.00        0.00
--------|----------------------------------------------------------------------------|-------|-------------|-------|-------|-------|-------|--------|-----------
         Aggregated                                                                       799     0(0.00%) |     84       2    2356      6 |   25.00        0.00

Type     Name                                                                          # reqs      # fails |    Avg     Min     Max    Med |   req/s  failures/s
--------|----------------------------------------------------------------------------|-------|-------------|-------|-------|-------|-------|--------|-----------
GET      GET /api/v1/reservas                                                             606     0(0.00%) |      7       3      47      6 |   17.90        0.00
GET      GET /api/v1/reservas/{id}                                                        194     0(0.00%) |      5       2      48      5 |    6.60        0.00
POST     POST /api/v1/auth/login                                                           50     0(0.00%) |   1251     481    2356   1200 |    0.00        0.00
--------|----------------------------------------------------------------------------|-------|-------------|-------|-------|-------|-------|--------|-----------
         Aggregated                                                                       850     0(0.00%) |     79       2    2356      6 |   24.50        0.00

Type     Name                                                                          # reqs      # fails |    Avg     Min     Max    Med |   req/s  failures/s
--------|----------------------------------------------------------------------------|-------|-------------|-------|-------|-------|-------|--------|-----------
GET      GET /api/v1/reservas                                                             636     0(0.00%) |      7       3      47      6 |   18.80        0.00
GET      GET /api/v1/reservas/{id}                                                        210     0(0.00%) |      5       2      48      4 |    7.20        0.00
POST     POST /api/v1/auth/login                                                           50     0(0.00%) |   1251     481    2356   1200 |    0.00        0.00
--------|----------------------------------------------------------------------------|-------|-------------|-------|-------|-------|-------|--------|-----------
         Aggregated                                                                       896     0(0.00%) |     76       2    2356      6 |   26.00        0.00

Type     Name                                                                          # reqs      # fails |    Avg     Min     Max    Med |   req/s  failures/s
--------|----------------------------------------------------------------------------|-------|-------------|-------|-------|-------|-------|--------|-----------
GET      GET /api/v1/reservas                                                             675     0(0.00%) |      7       3      47      6 |   17.90        0.00
GET      GET /api/v1/reservas/{id}                                                        224     0(0.00%) |      5       2      48      5 |    7.40        0.00
POST     POST /api/v1/auth/login                                                           50     0(0.00%) |   1251     481    2356   1200 |    0.00        0.00
--------|----------------------------------------------------------------------------|-------|-------------|-------|-------|-------|-------|--------|-----------
         Aggregated                                                                       949     0(0.00%) |     72       2    2356      6 |   25.30        0.00

Type     Name                                                                          # reqs      # fails |    Avg     Min     Max    Med |   req/s  failures/s
--------|----------------------------------------------------------------------------|-------|-------------|-------|-------|-------|-------|--------|-----------
GET      GET /api/v1/reservas                                                             709     0(0.00%) |      7       3      47      6 |   18.50        0.00
GET      GET /api/v1/reservas/{id}                                                        233     0(0.00%) |      5       2      48      5 |    6.60        0.00
POST     POST /api/v1/auth/login                                                           50     0(0.00%) |   1251     481    2356   1200 |    0.00        0.00
--------|----------------------------------------------------------------------------|-------|-------------|-------|-------|-------|-------|--------|-----------
         Aggregated                                                                       992     0(0.00%) |     69       2    2356      6 |   25.10        0.00

Type     Name                                                                          # reqs      # fails |    Avg     Min     Max    Med |   req/s  failures/s
--------|----------------------------------------------------------------------------|-------|-------------|-------|-------|-------|-------|--------|-----------
GET      GET /api/v1/reservas                                                             744     0(0.00%) |      7       3      47      6 |   18.10        0.00
GET      GET /api/v1/reservas/{id}                                                        249     0(0.00%) |      4       2      48      5 |    6.30        0.00
POST     POST /api/v1/auth/login                                                           50     0(0.00%) |   1251     481    2356   1200 |    0.00        0.00
--------|----------------------------------------------------------------------------|-------|-------------|-------|-------|-------|-------|--------|-----------
         Aggregated                                                                      1043     0(0.00%) |     66       2    2356      6 |   24.40        0.00

Type     Name                                                                          # reqs      # fails |    Avg     Min     Max    Med |   req/s  failures/s
--------|----------------------------------------------------------------------------|-------|-------------|-------|-------|-------|-------|--------|-----------
GET      GET /api/v1/reservas                                                             791     0(0.00%) |      7       3      47      6 |   17.60        0.00
GET      GET /api/v1/reservas/{id}                                                        257     0(0.00%) |      4       2      48      5 |    6.90        0.00
POST     POST /api/v1/auth/login                                                           50     0(0.00%) |   1251     481    2356   1200 |    0.00        0.00
--------|----------------------------------------------------------------------------|-------|-------------|-------|-------|-------|-------|--------|-----------
         Aggregated                                                                      1098     0(0.00%) |     63       2    2356      6 |   24.50        0.00

Type     Name                                                                          # reqs      # fails |    Avg     Min     Max    Med |   req/s  failures/s
--------|----------------------------------------------------------------------------|-------|-------------|-------|-------|-------|-------|--------|-----------
GET      GET /api/v1/reservas                                                             833     0(0.00%) |      7       3      47      6 |   18.50        0.00
GET      GET /api/v1/reservas/{id}                                                        267     0(0.00%) |      4       2      48      5 |    6.30        0.00
POST     POST /api/v1/auth/login                                                           50     0(0.00%) |   1251     481    2356   1200 |    0.00        0.00
--------|----------------------------------------------------------------------------|-------|-------------|-------|-------|-------|-------|--------|-----------
         Aggregated                                                                      1150     0(0.00%) |     60       2    2356      6 |   24.80        0.00

Type     Name                                                                          # reqs      # fails |    Avg     Min     Max    Med |   req/s  failures/s
--------|----------------------------------------------------------------------------|-------|-------------|-------|-------|-------|-------|--------|-----------
GET      GET /api/v1/reservas                                                             873     0(0.00%) |      7       3      47      6 |   18.40        0.00
GET      GET /api/v1/reservas/{id}                                                        273     0(0.00%) |      4       2      48      5 |    6.10        0.00
POST     POST /api/v1/auth/login                                                           50     0(0.00%) |   1251     481    2356   1200 |    0.00        0.00
--------|----------------------------------------------------------------------------|-------|-------------|-------|-------|-------|-------|--------|-----------
         Aggregated                                                                      1196     0(0.00%) |     58       2    2356      6 |   24.50        0.00

Type     Name                                                                          # reqs      # fails |    Avg     Min     Max    Med |   req/s  failures/s
--------|----------------------------------------------------------------------------|-------|-------------|-------|-------|-------|-------|--------|-----------
GET      GET /api/v1/reservas                                                             904     0(0.00%) |      7       3      47      6 |   19.80        0.00
GET      GET /api/v1/reservas/{id}                                                        291     0(0.00%) |      4       2      48      5 |    5.00        0.00
POST     POST /api/v1/auth/login                                                           50     0(0.00%) |   1251     481    2356   1200 |    0.00        0.00
--------|----------------------------------------------------------------------------|-------|-------------|-------|-------|-------|-------|--------|-----------
         Aggregated                                                                      1245     0(0.00%) |     56       2    2356      6 |   24.80        0.00

Type     Name                                                                          # reqs      # fails |    Avg     Min     Max    Med |   req/s  failures/s
--------|----------------------------------------------------------------------------|-------|-------------|-------|-------|-------|-------|--------|-----------
GET      GET /api/v1/reservas                                                             940     0(0.00%) |      7       3      47      6 |   19.50        0.00
GET      GET /api/v1/reservas/{id}                                                        301     0(0.00%) |      5       2      48      5 |    5.80        0.00
POST     POST /api/v1/auth/login                                                           50     0(0.00%) |   1251     481    2356   1200 |    0.00        0.00
--------|----------------------------------------------------------------------------|-------|-------------|-------|-------|-------|-------|--------|-----------
         Aggregated                                                                      1291     0(0.00%) |     54       2    2356      6 |   25.30        0.00

Type     Name                                                                          # reqs      # fails |    Avg     Min     Max    Med |   req/s  failures/s
--------|----------------------------------------------------------------------------|-------|-------------|-------|-------|-------|-------|--------|-----------
GET      GET /api/v1/reservas                                                             975     0(0.00%) |      7       3      47      6 |   19.50        0.00
GET      GET /api/v1/reservas/{id}                                                        310     0(0.00%) |      5       2      48      5 |    5.20        0.00
POST     POST /api/v1/auth/login                                                           50     0(0.00%) |   1251     481    2356   1200 |    0.00        0.00
--------|----------------------------------------------------------------------------|-------|-------------|-------|-------|-------|-------|--------|-----------
         Aggregated                                                                      1335     0(0.00%) |     53       2    2356      6 |   24.70        0.00

Type     Name                                                                          # reqs      # fails |    Avg     Min     Max    Med |   req/s  failures/s
--------|----------------------------------------------------------------------------|-------|-------------|-------|-------|-------|-------|--------|-----------
GET      GET /api/v1/reservas                                                            1017     0(0.00%) |      7       3      47      6 |   18.50        0.00
GET      GET /api/v1/reservas/{id}                                                        320     0(0.00%) |      5       2      48      5 |    5.20        0.00
POST     POST /api/v1/auth/login                                                           50     0(0.00%) |   1251     481    2356   1200 |    0.00        0.00
--------|----------------------------------------------------------------------------|-------|-------------|-------|-------|-------|-------|--------|-----------
         Aggregated                                                                      1387     0(0.00%) |     51       2    2356      6 |   23.70        0.00

Type     Name                                                                          # reqs      # fails |    Avg     Min     Max    Med |   req/s  failures/s
--------|----------------------------------------------------------------------------|-------|-------------|-------|-------|-------|-------|--------|-----------
GET      GET /api/v1/reservas                                                            1052     0(0.00%) |      7       3      47      6 |   18.40        0.00
GET      GET /api/v1/reservas/{id}                                                        334     0(0.00%) |      5       2      48      5 |    5.60        0.00
POST     POST /api/v1/auth/login                                                           50     0(0.00%) |   1251     481    2356   1200 |    0.00        0.00
--------|----------------------------------------------------------------------------|-------|-------------|-------|-------|-------|-------|--------|-----------
         Aggregated                                                                      1436     0(0.00%) |     49       2    2356      6 |   24.00        0.00

[2026-09-20 17:24:37,884] pfc-pruebas-e1/INFO/locust.main: --run-time limit reached, shutting down
[2026-09-20 17:24:37,986] pfc-pruebas-e1/INFO/locust.main: writing html report to file: /home/ubuntu/PFC_ISSUE32/experimentos/resultados/raw/eficiencia_nominal_50u_5m_poblada_smoke/run-02/locust-report.html
[2026-09-20 17:24:37,990] pfc-pruebas-e1/INFO/locust.main: Shutting down (exit code 0)
Type     Name                                                                          # reqs      # fails |    Avg     Min     Max    Med |   req/s  failures/s
--------|----------------------------------------------------------------------------|-------|-------------|-------|-------|-------|-------|--------|-----------
GET      GET /api/v1/reservas                                                            1088     0(0.00%) |      7       3      47      6 |   18.18        0.00
GET      GET /api/v1/reservas/{id}                                                        349     0(0.00%) |      5       2      48      5 |    5.83        0.00
POST     POST /api/v1/auth/login                                                           50     0(0.00%) |   1251     481    2356   1200 |    0.84        0.00
--------|----------------------------------------------------------------------------|-------|-------------|-------|-------|-------|-------|--------|-----------
         Aggregated                                                                      1487     0(0.00%) |     48       2    2356      6 |   24.85        0.00

Response time percentiles (approximated)
Type     Name                                                                                  50%    66%    75%    80%    90%    95%    98%    99%  99.9% 99.99%   100% # reqs
--------|--------------------------------------------------------------------------------|--------|------|------|------|------|------|------|------|------|------|------|------
GET      GET /api/v1/reservas                                                                    6      7      7      8      9     11     18     25     46     47     47   1088
GET      GET /api/v1/reservas/{id}                                                               5      5      5      6      7      8     10     12     48     48     48    349
POST     POST /api/v1/auth/login                                                              1200   1300   1500   1600   1700   1700   2400   2400   2400   2400   2400     50
--------|--------------------------------------------------------------------------------|--------|------|------|------|------|------|------|------|------|------|------|------
         Aggregated                                                                              6      7      7      8     10     17   1200   1400   1800   2400   2400   1487

